// Jest Snapshot v1, https://goo.gl/fbAQLP

exports[`shadow tokens : matches snapshot 1`] = `
Object {
  "shadow": Object {
    "level": Object {
      "100": Object {
        "value": "0px 2px 4px rgba(39,51,51,.24)",
      },
      "200": Object {
        "value": "0px 4px 8px rgba(39,51,51,.24)",
      },
      "300": Object {
        "value": "0px 8px 16px rgba(39,51,51,.24)",
      },
      "400": Object {
        "value": "0px 16px 32px rgba(39,51,51,.24)",
      },
    },
  },
}
`;
