// Jest Snapshot v1, https://goo.gl/fbAQLP

exports[`color tokens : matches snapshot 1`] = `
Object {
  "color": Object {
    "brand": Object {
      "primary": Object {
        "value": "{color.bright-green.value}",
      },
      "secondary": Object {
        "value": "{color.forest-green.value}",
      },
    },
    "bright-green": Object {
      "value": "#9BE36E",
    },
    "forest-green": Object {
      "value": "#203207",
    },
    "forest-green-light": Object {
      "value": "#4D5B39",
    },
  },
}
`;
